Copyright 1986-2022 Xilinx, Inc. All Rights Reserved. Copyright 2022-2025 Advanced Micro Devices, Inc. All Rights Reserved.
---------------------------------------------------------------------------------------------------------------------------------------------
| Tool Version : Vivado v.2025.1 (win64) Build 6140274 Thu May 22 00:12:29 MDT 2025
| Date         : Wed Jul 15 12:47:14 2026
| Host         : Fortune running 64-bit major release  (build 9200)
| Command      : report_utilization -hierarchical -file V:/artifacts/basys3/post_route/post_route_utilization.rpt
| Design       : basys3_dot_product_top
| Device       : xc7a35tcpg236-1
| Speed File   : -1
| Design State : Routed
---------------------------------------------------------------------------------------------------------------------------------------------

Utilization Design Information

Table of Contents
-----------------
1. Utilization by Hierarchy

1. Utilization by Hierarchy
---------------------------

+-------------------------------------------------------+------------------------------------------------------+------------+------------+---------+------+------+--------+--------+------------+
|                        Instance                       |                        Module                        | Total LUTs | Logic LUTs | LUTRAMs | SRLs |  FFs | RAMB36 | RAMB18 | DSP Blocks |
+-------------------------------------------------------+------------------------------------------------------+------------+------------+---------+------+------+--------+--------+------------+
| basys3_dot_product_top                                |                                                (top) |        957 |        933 |      24 |    0 | 1369 |      0 |      0 |          0 |
|   (basys3_dot_product_top)                            |                                                (top) |          0 |          0 |       0 |    0 |    2 |      0 |      0 |          0 |
|   control_vio                                         |                                                vio_0 |        214 |        214 |       0 |    0 |  542 |      0 |      0 |          0 |
|     inst                                              |                                vio_0_vio_v3_0_27_vio |        214 |        214 |       0 |    0 |  542 |      0 |      0 |          0 |
|       U_XSDB_SLAVE                                    |                             vio_0_xsdbs_v1_0_5_xsdbs |         77 |         77 |       0 |    0 |  161 |      0 |      0 |          0 |
|       DECODER_INST                                    |                            vio_0_vio_v3_0_27_decoder |         33 |         33 |       0 |    0 |   51 |      0 |      0 |          0 |
|       PROBE_IN_INST                                   |                       vio_0_vio_v3_0_27_probe_in_one |         61 |         61 |       0 |    0 |  122 |      0 |      0 |          0 |
|       PROBE_OUT_ALL_INST                              |                      vio_0_vio_v3_0_27_probe_out_all |         43 |         43 |       0 |    0 |  188 |      0 |      0 |          0 |
|         G_PROBE_OUT[1].PROBE_OUT0_INST                |                    vio_0_vio_v3_0_27_probe_out_one_0 |          9 |          9 |       0 |    0 |   81 |      0 |      0 |          0 |
|         G_PROBE_OUT[0].PROBE_OUT0_INST                |                      vio_0_vio_v3_0_27_probe_out_one |         13 |         13 |       0 |    0 |   81 |      0 |      0 |          0 |
|   dbg_hub                                             |                                              dbg_hub |        447 |        423 |      24 |    0 |  741 |      0 |      0 |          0 |
|     inst                                              |                           dbg_hub_xsdbm_v3_0_4_xsdbm |        447 |        423 |      24 |    0 |  741 |      0 |      0 |          0 |
|       BSCANID.u_xsdbm_id                              |                        dbg_hub_xsdbm_v3_0_4_xsdbm_id |        447 |        423 |      24 |    0 |  741 |      0 |      0 |          0 |
|         SWITCH_N_EXT_BSCAN.bscan_switch               |                    dbg_hub_xsdbm_v3_0_4_bscan_switch |        124 |        124 |       0 |    0 |  125 |      0 |      0 |          0 |
|         CORE_XSDB.UUT_MASTER                          |                       dbg_hub_xsdbm_v3_0_4_icon2xsdb |        271 |        247 |      24 |    0 |  554 |      0 |      0 |          0 |
|           U_ICON_INTERFACE                            |                              dbg_hub_xsdbm_v3_0_4_if |        162 |        138 |      24 |    0 |  450 |      0 |      0 |          0 |
|             U_CMD6_WR                                 |                           dbg_hub_xsdbm_v3_0_4_wrreg |         46 |         34 |      12 |    0 |  110 |      0 |      0 |          0 |
|               U_WR_FIFO                               |                          dbg_hub_xsdbm_v3_0_4_wrfifo |         44 |         32 |      12 |    0 |   90 |      0 |      0 |          0 |
|                 SUBCORE_FIFO.xsdbm_v3_0_4_wrfifo_inst |                       dbg_hub_fifo_generator_v13_1_5 |         42 |         30 |      12 |    0 |   90 |      0 |      0 |          0 |
|                   inst_fifo_gen                       |                 dbg_hub_fifo_generator_v13_1_5_synth |         42 |         30 |      12 |    0 |   90 |      0 |      0 |          0 |
|                     gconvfifo.rf                      |                           dbg_hub_fifo_generator_top |         42 |         30 |      12 |    0 |   90 |      0 |      0 |          0 |
|                       grf.rf                          |                       dbg_hub_fifo_generator_ramfifo |         42 |         30 |      12 |    0 |   90 |      0 |      0 |          0 |
|             U_CMD4                                    |         dbg_hub_xsdbm_v3_0_4_ctl_reg__parameterized0 |          9 |          9 |       0 |    0 |   62 |      0 |      0 |          0 |
|             U_CMD6_RD                                 |                           dbg_hub_xsdbm_v3_0_4_rdreg |         67 |         55 |      12 |    0 |  134 |      0 |      0 |          0 |
|               U_RD_FIFO                               |                          dbg_hub_xsdbm_v3_0_4_rdfifo |         65 |         53 |      12 |    0 |  114 |      0 |      0 |          0 |
|                 SUBCORE_FIFO.xsdbm_v3_0_4_rdfifo_inst |       dbg_hub_fifo_generator_v13_1_5__parameterized0 |         47 |         35 |      12 |    0 |  114 |      0 |      0 |          0 |
|                   inst_fifo_gen                       | dbg_hub_fifo_generator_v13_1_5_synth__parameterized0 |         47 |         35 |      12 |    0 |  114 |      0 |      0 |          0 |
|                     gconvfifo.rf                      |           dbg_hub_fifo_generator_top__parameterized0 |         47 |         35 |      12 |    0 |  114 |      0 |      0 |          0 |
|                       grf.rf                          |       dbg_hub_fifo_generator_ramfifo__parameterized0 |         47 |         35 |      12 |    0 |  114 |      0 |      0 |          0 |
|           U_XSDB_BUS_CONTROLLER                       |                         dbg_hub_xsdbm_v3_0_4_bus_ctl |         69 |         69 |       0 |    0 |   48 |      0 |      0 |          0 |
|   dut                                                 |                              dot_product_int8_vivado |        296 |        296 |       0 |    0 |   84 |      0 |      0 |          0 |
+-------------------------------------------------------+------------------------------------------------------+------------+------------+---------+------+------+--------+--------+------------+
* Note: The sum of lower-level cells may be larger than their parent cells total, due to cross-hierarchy LUT combining


