Copyright 1986-2022 Xilinx, Inc. All Rights Reserved. Copyright 2022-2025 Advanced Micro Devices, Inc. All Rights Reserved.
---------------------------------------------------------------------------------------------------------------------------------------------
| Tool Version : Vivado v.2025.1 (win64) Build 6140274 Thu May 22 00:12:29 MDT 2025
| Date         : Wed Jul 15 12:15:46 2026
| Host         : Fortune running 64-bit major release  (build 9200)
| Command      : report_ip_status
---------------------------------------------------------------------------------------------------------------------------------------------

IP Status Summary

1. Project IP Status
--------------------
Your project uses 1 IP. Some of these IP may have undergone changes in this release of the software. Please review the recommended actions.

More information on the Xilinx versioning policy is available at www.xilinx.com.

Project IP Instances
+---------------+------------+---------------------+-----------+--------------------+---------+---------------+------------+----------------------+
| Instance Name | Status     | Recommendation      | Change    | IP Name            | IP      | New Version   | New        | Original Part        |
|               |            |                     | Log       |                    | Version |               | License    |                      |
+---------------+------------+---------------------+-----------+--------------------+---------+---------------+------------+----------------------+
| vio_0         | Up-to-date | No changes required |  *(1)     | VIO (Virtual       | 3.0     | 3.0 (Rev. 27) | Included   | xc7a35tcpg236-1      |
|               |            |                     |           | Input/Output)      | (Rev.   |               |            |                      |
|               |            |                     |           |                    | 27)     |               |            |                      |
+---------------+------------+---------------------+-----------+--------------------+---------+---------------+------------+----------------------+
*(1) c:/Xilinx/2025.1/Vivado/data/ip/xilinx/vio_v3_0/doc/vio_v3_0_changelog.txt


