
==========================================================================
cts final report_tns
--------------------------------------------------------------------------
tns max 0.00

==========================================================================
cts final report_wns
--------------------------------------------------------------------------
wns max 0.00

==========================================================================
cts final report_worst_slack
--------------------------------------------------------------------------
worst slack max 5.84

==========================================================================
cts final report_clock_min_period
--------------------------------------------------------------------------
clk period_min = 4.16 fmax = 240.57

==========================================================================
cts final report_clock_skew
--------------------------------------------------------------------------
Clock clk
   0.09 source latency product1_q[4]$_SDFFE_PN0P_/CK ^
  -0.09 target latency result_q[6]$_SDFFE_PN0P_/CK ^
   0.00 CRPR
--------------
   0.00 setup skew


==========================================================================
cts final report_checks -path_delay min
--------------------------------------------------------------------------
Startpoint: result_q[7]$_SDFFE_PN0P_
            (rising edge-triggered flip-flop clocked by clk)
Endpoint: result_q[7]$_SDFFE_PN0P_
          (rising edge-triggered flip-flop clocked by clk)
Path Group: clk
Path Type: min

Fanout     Cap    Slew   Delay    Time   Description
-----------------------------------------------------------------------------
                          0.00    0.00   clock clk (rise edge)
                          0.00    0.00   clock source latency
     1    6.82    0.00    0.00    0.00 ^ clk (in)
                                         clk (net)
                  0.00    0.00    0.00 ^ clkbuf_0_clk/A (CLKBUF_X3)
     8   22.01    0.02    0.04    0.04 ^ clkbuf_0_clk/Z (CLKBUF_X3)
                                         clknet_0_clk (net)
                  0.02    0.00    0.04 ^ clkbuf_3_7__f_clk/A (CLKBUF_X3)
    14   18.96    0.02    0.05    0.09 ^ clkbuf_3_7__f_clk/Z (CLKBUF_X3)
                                         clknet_3_7__leaf_clk (net)
                  0.02    0.00    0.09 ^ result_q[7]$_SDFFE_PN0P_/CK (DFF_X1)
     2    2.68    0.01    0.09    0.18 v result_q[7]$_SDFFE_PN0P_/Q (DFF_X1)
                                         net84 (net)
                  0.01    0.00    0.18 v _2670_/A1 (NAND2_X1)
     1    1.77    0.01    0.01    0.19 ^ _2670_/ZN (NAND2_X1)
                                         _0963_ (net)
                  0.01    0.00    0.19 ^ _2675_/B1 (AOI21_X1)
     1    1.25    0.01    0.01    0.20 v _2675_/ZN (AOI21_X1)
                                         _0497_ (net)
                  0.01    0.00    0.20 v result_q[7]$_SDFFE_PN0P_/D (DFF_X1)
                                  0.20   data arrival time

                          0.00    0.00   clock clk (rise edge)
                          0.00    0.00   clock source latency
     1    6.82    0.00    0.00    0.00 ^ clk (in)
                                         clk (net)
                  0.00    0.00    0.00 ^ clkbuf_0_clk/A (CLKBUF_X3)
     8   22.01    0.02    0.04    0.04 ^ clkbuf_0_clk/Z (CLKBUF_X3)
                                         clknet_0_clk (net)
                  0.02    0.00    0.04 ^ clkbuf_3_7__f_clk/A (CLKBUF_X3)
    14   18.96    0.02    0.05    0.09 ^ clkbuf_3_7__f_clk/Z (CLKBUF_X3)
                                         clknet_3_7__leaf_clk (net)
                  0.02    0.00    0.09 ^ result_q[7]$_SDFFE_PN0P_/CK (DFF_X1)
                          0.00    0.09   clock reconvergence pessimism
                          0.01    0.10   library hold time
                                  0.10   data required time
-----------------------------------------------------------------------------
                                  0.10   data required time
                                 -0.20   data arrival time
-----------------------------------------------------------------------------
                                  0.11   slack (MET)



==========================================================================
cts final report_checks -path_delay max
--------------------------------------------------------------------------
Startpoint: out_ready (input port clocked by clk)
Endpoint: in_ready (output port clocked by clk)
Path Group: clk
Path Type: max

Fanout     Cap    Slew   Delay    Time   Description
-----------------------------------------------------------------------------
                          0.00    0.00   clock clk (rise edge)
                          0.00    0.00   clock network delay (propagated)
                          2.00    2.00 v input external delay
     1    1.56    0.00    0.00    2.00 v out_ready (in)
                                         out_ready (net)
                  0.00    0.00    2.00 v input66/A (BUF_X1)
     1    4.18    0.01    0.03    2.03 v input66/Z (BUF_X1)
                                         net66 (net)
                  0.01    0.00    2.03 v _1818_/A2 (OR2_X2)
     4    5.56    0.01    0.05    2.08 v _1818_/ZN (OR2_X2)
                                         _1062_ (net)
                  0.01    0.00    2.08 v _1819_/A2 (OR2_X2)
     4    9.65    0.01    0.05    2.13 v _1819_/ZN (OR2_X2)
                                         net68 (net)
                  0.01    0.00    2.13 v output68/A (BUF_X1)
     1    0.39    0.00    0.03    2.16 v output68/Z (BUF_X1)
                                         in_ready (net)
                  0.00    0.00    2.16 v in_ready (out)
                                  2.16   data arrival time

                         10.00   10.00   clock clk (rise edge)
                          0.00   10.00   clock network delay (propagated)
                          0.00   10.00   clock reconvergence pessimism
                         -2.00    8.00   output external delay
                                  8.00   data required time
-----------------------------------------------------------------------------
                                  8.00   data required time
                                 -2.16   data arrival time
-----------------------------------------------------------------------------
                                  5.84   slack (MET)



==========================================================================
cts final report_checks -unconstrained
--------------------------------------------------------------------------
Startpoint: out_ready (input port clocked by clk)
Endpoint: in_ready (output port clocked by clk)
Path Group: clk
Path Type: max

Fanout     Cap    Slew   Delay    Time   Description
-----------------------------------------------------------------------------
                          0.00    0.00   clock clk (rise edge)
                          0.00    0.00   clock network delay (propagated)
                          2.00    2.00 v input external delay
     1    1.56    0.00    0.00    2.00 v out_ready (in)
                                         out_ready (net)
                  0.00    0.00    2.00 v input66/A (BUF_X1)
     1    4.18    0.01    0.03    2.03 v input66/Z (BUF_X1)
                                         net66 (net)
                  0.01    0.00    2.03 v _1818_/A2 (OR2_X2)
     4    5.56    0.01    0.05    2.08 v _1818_/ZN (OR2_X2)
                                         _1062_ (net)
                  0.01    0.00    2.08 v _1819_/A2 (OR2_X2)
     4    9.65    0.01    0.05    2.13 v _1819_/ZN (OR2_X2)
                                         net68 (net)
                  0.01    0.00    2.13 v output68/A (BUF_X1)
     1    0.39    0.00    0.03    2.16 v output68/Z (BUF_X1)
                                         in_ready (net)
                  0.00    0.00    2.16 v in_ready (out)
                                  2.16   data arrival time

                         10.00   10.00   clock clk (rise edge)
                          0.00   10.00   clock network delay (propagated)
                          0.00   10.00   clock reconvergence pessimism
                         -2.00    8.00   output external delay
                                  8.00   data required time
-----------------------------------------------------------------------------
                                  8.00   data required time
                                 -2.16   data arrival time
-----------------------------------------------------------------------------
                                  5.84   slack (MET)



==========================================================================
cts final report_check_types -max_slew -max_cap -max_fanout -violators
--------------------------------------------------------------------------

==========================================================================
cts final max_slew_check_slack
--------------------------------------------------------------------------
0.09042095392942429

==========================================================================
cts final max_slew_check_limit
--------------------------------------------------------------------------
0.1985349953174591

==========================================================================
cts final max_slew_check_slack_limit
--------------------------------------------------------------------------
0.4554

==========================================================================
cts final max_fanout_check_slack
--------------------------------------------------------------------------
1.0000000150474662e+30

==========================================================================
cts final max_fanout_check_limit
--------------------------------------------------------------------------
1.0000000150474662e+30

==========================================================================
cts final max_capacitance_check_slack
--------------------------------------------------------------------------
4.561126708984375

==========================================================================
cts final max_capacitance_check_limit
--------------------------------------------------------------------------
25.253299713134766

==========================================================================
cts final max_capacitance_check_slack_limit
--------------------------------------------------------------------------
0.1806

==========================================================================
cts final max_slew_violation_count
--------------------------------------------------------------------------
max slew violation count 0

==========================================================================
cts final max_fanout_violation_count
--------------------------------------------------------------------------
max fanout violation count 0

==========================================================================
cts final max_cap_violation_count
--------------------------------------------------------------------------
max cap violation count 0

==========================================================================
cts final setup_violation_count
--------------------------------------------------------------------------
setup violation count 0

==========================================================================
cts final hold_violation_count
--------------------------------------------------------------------------
hold violation count 0

==========================================================================
cts final report_checks -path_delay max reg to reg
--------------------------------------------------------------------------
Startpoint: product2_q[10]$_SDFFE_PN0P_
            (rising edge-triggered flip-flop clocked by clk)
Endpoint: result_q[17]$_SDFFE_PN0P_
          (rising edge-triggered flip-flop clocked by clk)
Path Group: clk
Path Type: max

  Delay    Time   Description
---------------------------------------------------------
   0.00    0.00   clock clk (rise edge)
   0.00    0.00   clock source latency
   0.00    0.00 ^ clk (in)
   0.04    0.04 ^ clkbuf_0_clk/Z (CLKBUF_X3)
   0.05    0.09 ^ clkbuf_3_0__f_clk/Z (CLKBUF_X3)
   0.00    0.09 ^ product2_q[10]$_SDFFE_PN0P_/CK (DFF_X1)
   0.10    0.19 ^ product2_q[10]$_SDFFE_PN0P_/Q (DFF_X1)
   0.10    0.29 v _2984_/S (FA_X1)
   0.13    0.42 ^ _2967_/S (FA_X1)
   0.11    0.53 ^ _3167_/S (HA_X1)
   0.04    0.57 v _2607_/ZN (NAND3_X1)
   0.11    0.67 ^ _2618_/ZN (NOR4_X1)
   0.03    0.71 v _2633_/ZN (AOI21_X1)
   0.04    0.75 ^ _2780_/ZN (AOI21_X1)
   0.05    0.79 ^ _2782_/ZN (XNOR2_X1)
   0.02    0.81 v _2783_/ZN (AOI211_X2)
   0.00    0.81 v result_q[17]$_SDFFE_PN0P_/D (DFF_X1)
           0.81   data arrival time

  10.00   10.00   clock clk (rise edge)
   0.00   10.00   clock source latency
   0.00   10.00 ^ clk (in)
   0.04   10.04 ^ clkbuf_0_clk/Z (CLKBUF_X3)
   0.05   10.09 ^ clkbuf_3_2__f_clk/Z (CLKBUF_X3)
   0.00   10.09 ^ result_q[17]$_SDFFE_PN0P_/CK (DFF_X1)
   0.00   10.09   clock reconvergence pessimism
  -0.04   10.05   library setup time
          10.05   data required time
---------------------------------------------------------
          10.05   data required time
          -0.81   data arrival time
---------------------------------------------------------
           9.24   slack (MET)



==========================================================================
cts final report_checks -path_delay min reg to reg
--------------------------------------------------------------------------
Startpoint: result_q[7]$_SDFFE_PN0P_
            (rising edge-triggered flip-flop clocked by clk)
Endpoint: result_q[7]$_SDFFE_PN0P_
          (rising edge-triggered flip-flop clocked by clk)
Path Group: clk
Path Type: min

  Delay    Time   Description
---------------------------------------------------------
   0.00    0.00   clock clk (rise edge)
   0.00    0.00   clock source latency
   0.00    0.00 ^ clk (in)
   0.04    0.04 ^ clkbuf_0_clk/Z (CLKBUF_X3)
   0.05    0.09 ^ clkbuf_3_7__f_clk/Z (CLKBUF_X3)
   0.00    0.09 ^ result_q[7]$_SDFFE_PN0P_/CK (DFF_X1)
   0.09    0.18 v result_q[7]$_SDFFE_PN0P_/Q (DFF_X1)
   0.01    0.19 ^ _2670_/ZN (NAND2_X1)
   0.01    0.20 v _2675_/ZN (AOI21_X1)
   0.00    0.20 v result_q[7]$_SDFFE_PN0P_/D (DFF_X1)
           0.20   data arrival time

   0.00    0.00   clock clk (rise edge)
   0.00    0.00   clock source latency
   0.00    0.00 ^ clk (in)
   0.04    0.04 ^ clkbuf_0_clk/Z (CLKBUF_X3)
   0.05    0.09 ^ clkbuf_3_7__f_clk/Z (CLKBUF_X3)
   0.00    0.09 ^ result_q[7]$_SDFFE_PN0P_/CK (DFF_X1)
   0.00    0.09   clock reconvergence pessimism
   0.01    0.10   library hold time
           0.10   data required time
---------------------------------------------------------
           0.10   data required time
          -0.20   data arrival time
---------------------------------------------------------
           0.11   slack (MET)



==========================================================================
cts final critical path target clock latency max path
--------------------------------------------------------------------------
0.0906

==========================================================================
cts final critical path target clock latency min path
--------------------------------------------------------------------------
0.0903

==========================================================================
cts final critical path source clock latency min path
--------------------------------------------------------------------------
0.0000

==========================================================================
cts final critical path delay
--------------------------------------------------------------------------
2.1567

==========================================================================
cts final critical path slack
--------------------------------------------------------------------------
5.8433

==========================================================================
cts final slack div critical path delay
--------------------------------------------------------------------------
270.937080

==========================================================================
cts final report_power
--------------------------------------------------------------------------
Group                  Internal  Switching    Leakage      Total
                          Power      Power      Power      Power (Watts)
----------------------------------------------------------------
Sequential             8.68e-05   1.46e-05   6.55e-06   1.08e-04  11.9%
Combinational          3.91e-04   3.26e-04   4.74e-05   7.65e-04  84.3%
Clock                  1.32e-05   2.05e-05   5.59e-07   3.42e-05   3.8%
Macro                  0.00e+00   0.00e+00   0.00e+00   0.00e+00   0.0%
Pad                    0.00e+00   0.00e+00   0.00e+00   0.00e+00   0.0%
----------------------------------------------------------------
Total                  4.91e-04   3.62e-04   5.45e-05   9.07e-04 100.0%
                          54.1%      39.9%       6.0%
