
==========================================================================
global route report_tns
--------------------------------------------------------------------------
tns max 0.00

==========================================================================
global route report_wns
--------------------------------------------------------------------------
wns max 0.00

==========================================================================
global route report_worst_slack
--------------------------------------------------------------------------
worst slack max 5.84

==========================================================================
global route report_clock_min_period
--------------------------------------------------------------------------
clk period_min = 4.16 fmax = 240.49

==========================================================================
global route report_clock_skew
--------------------------------------------------------------------------
Clock clk
   0.09 source latency product2_q[1]$_SDFFE_PN0P_/CK ^
  -0.09 target latency result_q[6]$_SDFFE_PN0P_/CK ^
   0.00 CRPR
--------------
   0.01 setup skew


==========================================================================
global route report_checks -path_delay min
--------------------------------------------------------------------------
Startpoint: result_q[4]$_SDFFE_PN0P_
            (rising edge-triggered flip-flop clocked by clk)
Endpoint: result_q[4]$_SDFFE_PN0P_
          (rising edge-triggered flip-flop clocked by clk)
Path Group: clk
Path Type: min

Fanout     Cap    Slew   Delay    Time   Description
-----------------------------------------------------------------------------
                          0.00    0.00   clock clk (rise edge)
                          0.00    0.00   clock source latency
     1    7.00    0.00    0.00    0.00 ^ clk (in)
                                         clk (net)
                  0.00    0.00    0.00 ^ clkbuf_0_clk/A (CLKBUF_X3)
     8   23.60    0.02    0.04    0.04 ^ clkbuf_0_clk/Z (CLKBUF_X3)
                                         clknet_0_clk (net)
                  0.02    0.00    0.04 ^ clkbuf_3_7__f_clk/A (CLKBUF_X3)
    14   19.73    0.02    0.05    0.09 ^ clkbuf_3_7__f_clk/Z (CLKBUF_X3)
                                         clknet_3_7__leaf_clk (net)
                  0.02    0.00    0.09 ^ result_q[4]$_SDFFE_PN0P_/CK (DFF_X1)
     2    2.69    0.01    0.09    0.18 v result_q[4]$_SDFFE_PN0P_/Q (DFF_X1)
                                         net81 (net)
                  0.01    0.00    0.18 v _2686_/A1 (NAND2_X1)
     1    2.12    0.01    0.01    0.20 ^ _2686_/ZN (NAND2_X1)
                                         _0976_ (net)
                  0.01    0.00    0.20 ^ _2691_/B1 (AOI21_X1)
     1    1.27    0.01    0.01    0.21 v _2691_/ZN (AOI21_X1)
                                         _0500_ (net)
                  0.01    0.00    0.21 v result_q[4]$_SDFFE_PN0P_/D (DFF_X1)
                                  0.21   data arrival time

                          0.00    0.00   clock clk (rise edge)
                          0.00    0.00   clock source latency
     1    7.00    0.00    0.00    0.00 ^ clk (in)
                                         clk (net)
                  0.00    0.00    0.00 ^ clkbuf_0_clk/A (CLKBUF_X3)
     8   23.60    0.02    0.04    0.04 ^ clkbuf_0_clk/Z (CLKBUF_X3)
                                         clknet_0_clk (net)
                  0.02    0.00    0.04 ^ clkbuf_3_7__f_clk/A (CLKBUF_X3)
    14   19.73    0.02    0.05    0.09 ^ clkbuf_3_7__f_clk/Z (CLKBUF_X3)
                                         clknet_3_7__leaf_clk (net)
                  0.02    0.00    0.09 ^ result_q[4]$_SDFFE_PN0P_/CK (DFF_X1)
                          0.00    0.09   clock reconvergence pessimism
                          0.01    0.10   library hold time
                                  0.10   data required time
-----------------------------------------------------------------------------
                                  0.10   data required time
                                 -0.21   data arrival time
-----------------------------------------------------------------------------
                                  0.11   slack (MET)



==========================================================================
global route report_checks -path_delay max
--------------------------------------------------------------------------
Startpoint: out_ready (input port clocked by clk)
Endpoint: in_ready (output port clocked by clk)
Path Group: clk
Path Type: max

Fanout     Cap    Slew   Delay    Time   Description
-----------------------------------------------------------------------------
                          0.00    0.00   clock clk (rise edge)
                          0.00    0.00   clock network delay (propagated)
                          2.00    2.00 v input external delay
     1    1.63    0.00    0.00    2.00 v out_ready (in)
                                         out_ready (net)
                  0.00    0.00    2.00 v input66/A (BUF_X1)
     1    3.86    0.01    0.03    2.03 v input66/Z (BUF_X1)
                                         net66 (net)
                  0.01    0.00    2.03 v _1818_/A2 (OR2_X2)
     4    6.48    0.01    0.05    2.08 v _1818_/ZN (OR2_X2)
                                         _1062_ (net)
                  0.01    0.00    2.08 v _1819_/A2 (OR2_X2)
     4   10.20    0.01    0.05    2.13 v _1819_/ZN (OR2_X2)
                                         net68 (net)
                  0.01    0.00    2.13 v output68/A (BUF_X1)
     1    0.34    0.00    0.03    2.16 v output68/Z (BUF_X1)
                                         in_ready (net)
                  0.00    0.00    2.16 v in_ready (out)
                                  2.16   data arrival time

                         10.00   10.00   clock clk (rise edge)
                          0.00   10.00   clock network delay (propagated)
                          0.00   10.00   clock reconvergence pessimism
                         -2.00    8.00   output external delay
                                  8.00   data required time
-----------------------------------------------------------------------------
                                  8.00   data required time
                                 -2.16   data arrival time
-----------------------------------------------------------------------------
                                  5.84   slack (MET)



==========================================================================
global route report_checks -unconstrained
--------------------------------------------------------------------------
Startpoint: out_ready (input port clocked by clk)
Endpoint: in_ready (output port clocked by clk)
Path Group: clk
Path Type: max

Fanout     Cap    Slew   Delay    Time   Description
-----------------------------------------------------------------------------
                          0.00    0.00   clock clk (rise edge)
                          0.00    0.00   clock network delay (propagated)
                          2.00    2.00 v input external delay
     1    1.63    0.00    0.00    2.00 v out_ready (in)
                                         out_ready (net)
                  0.00    0.00    2.00 v input66/A (BUF_X1)
     1    3.86    0.01    0.03    2.03 v input66/Z (BUF_X1)
                                         net66 (net)
                  0.01    0.00    2.03 v _1818_/A2 (OR2_X2)
     4    6.48    0.01    0.05    2.08 v _1818_/ZN (OR2_X2)
                                         _1062_ (net)
                  0.01    0.00    2.08 v _1819_/A2 (OR2_X2)
     4   10.20    0.01    0.05    2.13 v _1819_/ZN (OR2_X2)
                                         net68 (net)
                  0.01    0.00    2.13 v output68/A (BUF_X1)
     1    0.34    0.00    0.03    2.16 v output68/Z (BUF_X1)
                                         in_ready (net)
                  0.00    0.00    2.16 v in_ready (out)
                                  2.16   data arrival time

                         10.00   10.00   clock clk (rise edge)
                          0.00   10.00   clock network delay (propagated)
                          0.00   10.00   clock reconvergence pessimism
                         -2.00    8.00   output external delay
                                  8.00   data required time
-----------------------------------------------------------------------------
                                  8.00   data required time
                                 -2.16   data arrival time
-----------------------------------------------------------------------------
                                  5.84   slack (MET)



==========================================================================
global route report_check_types -max_slew -max_cap -max_fanout -violators
--------------------------------------------------------------------------

==========================================================================
global route max_slew_check_slack
--------------------------------------------------------------------------
0.08767883479595184

==========================================================================
global route max_slew_check_limit
--------------------------------------------------------------------------
0.1985349953174591

==========================================================================
global route max_slew_check_slack_limit
--------------------------------------------------------------------------
0.4416

==========================================================================
global route max_fanout_check_slack
--------------------------------------------------------------------------
1.0000000150474662e+30

==========================================================================
global route max_fanout_check_limit
--------------------------------------------------------------------------
1.0000000150474662e+30

==========================================================================
global route max_capacitance_check_slack
--------------------------------------------------------------------------
3.969752073287964

==========================================================================
global route max_capacitance_check_limit
--------------------------------------------------------------------------
25.253299713134766

==========================================================================
global route max_capacitance_check_slack_limit
--------------------------------------------------------------------------
0.1572

==========================================================================
global route max_slew_violation_count
--------------------------------------------------------------------------
max slew violation count 0

==========================================================================
global route max_fanout_violation_count
--------------------------------------------------------------------------
max fanout violation count 0

==========================================================================
global route max_cap_violation_count
--------------------------------------------------------------------------
max cap violation count 0

==========================================================================
global route setup_violation_count
--------------------------------------------------------------------------
setup violation count 0

==========================================================================
global route hold_violation_count
--------------------------------------------------------------------------
hold violation count 0

==========================================================================
global route report_checks -path_delay max reg to reg
--------------------------------------------------------------------------
Startpoint: product1_q[10]$_SDFFE_PN0P_
            (rising edge-triggered flip-flop clocked by clk)
Endpoint: result_q[15]$_SDFFE_PN0P_
          (rising edge-triggered flip-flop clocked by clk)
Path Group: clk
Path Type: max

  Delay    Time   Description
---------------------------------------------------------
   0.00    0.00   clock clk (rise edge)
   0.00    0.00   clock source latency
   0.00    0.00 ^ clk (in)
   0.04    0.04 ^ clkbuf_0_clk/Z (CLKBUF_X3)
   0.05    0.09 ^ clkbuf_3_1__f_clk/Z (CLKBUF_X3)
   0.00    0.09 ^ product1_q[10]$_SDFFE_PN0P_/CK (DFF_X1)
   0.10    0.20 ^ product1_q[10]$_SDFFE_PN0P_/Q (DFF_X1)
   0.10    0.30 v _2984_/S (FA_X1)
   0.13    0.42 ^ _2967_/S (FA_X1)
   0.12    0.54 ^ _3167_/S (HA_X1)
   0.04    0.58 v _2607_/ZN (NAND3_X1)
   0.11    0.68 ^ _2618_/ZN (NOR4_X1)
   0.06    0.74 v _2619_/ZN (AOI211_X4)
   0.05    0.79 ^ _2620_/ZN (NOR3_X1)
   0.01    0.80 v _2621_/ZN (NOR2_X1)
   0.03    0.83 ^ _2623_/ZN (AOI21_X1)
   0.00    0.83 ^ result_q[15]$_SDFFE_PN0P_/D (DFF_X1)
           0.83   data arrival time

  10.00   10.00   clock clk (rise edge)
   0.00   10.00   clock source latency
   0.00   10.00 ^ clk (in)
   0.04   10.04 ^ clkbuf_0_clk/Z (CLKBUF_X3)
   0.05   10.09 ^ clkbuf_3_3__f_clk/Z (CLKBUF_X3)
   0.00   10.09 ^ result_q[15]$_SDFFE_PN0P_/CK (DFF_X1)
   0.00   10.09   clock reconvergence pessimism
  -0.03   10.06   library setup time
          10.06   data required time
---------------------------------------------------------
          10.06   data required time
          -0.83   data arrival time
---------------------------------------------------------
           9.22   slack (MET)



==========================================================================
global route report_checks -path_delay min reg to reg
--------------------------------------------------------------------------
Startpoint: result_q[4]$_SDFFE_PN0P_
            (rising edge-triggered flip-flop clocked by clk)
Endpoint: result_q[4]$_SDFFE_PN0P_
          (rising edge-triggered flip-flop clocked by clk)
Path Group: clk
Path Type: min

  Delay    Time   Description
---------------------------------------------------------
   0.00    0.00   clock clk (rise edge)
   0.00    0.00   clock source latency
   0.00    0.00 ^ clk (in)
   0.04    0.04 ^ clkbuf_0_clk/Z (CLKBUF_X3)
   0.05    0.09 ^ clkbuf_3_7__f_clk/Z (CLKBUF_X3)
   0.00    0.09 ^ result_q[4]$_SDFFE_PN0P_/CK (DFF_X1)
   0.09    0.18 v result_q[4]$_SDFFE_PN0P_/Q (DFF_X1)
   0.01    0.20 ^ _2686_/ZN (NAND2_X1)
   0.01    0.21 v _2691_/ZN (AOI21_X1)
   0.00    0.21 v result_q[4]$_SDFFE_PN0P_/D (DFF_X1)
           0.21   data arrival time

   0.00    0.00   clock clk (rise edge)
   0.00    0.00   clock source latency
   0.00    0.00 ^ clk (in)
   0.04    0.04 ^ clkbuf_0_clk/Z (CLKBUF_X3)
   0.05    0.09 ^ clkbuf_3_7__f_clk/Z (CLKBUF_X3)
   0.00    0.09 ^ result_q[4]$_SDFFE_PN0P_/CK (DFF_X1)
   0.00    0.09   clock reconvergence pessimism
   0.01    0.10   library hold time
           0.10   data required time
---------------------------------------------------------
           0.10   data required time
          -0.21   data arrival time
---------------------------------------------------------
           0.11   slack (MET)



==========================================================================
global route critical path target clock latency max path
--------------------------------------------------------------------------
0.0942

==========================================================================
global route critical path target clock latency min path
--------------------------------------------------------------------------
0.0930

==========================================================================
global route critical path source clock latency min path
--------------------------------------------------------------------------
0.0000

==========================================================================
global route critical path delay
--------------------------------------------------------------------------
2.1581

==========================================================================
global route critical path slack
--------------------------------------------------------------------------
5.8419

==========================================================================
global route slack div critical path delay
--------------------------------------------------------------------------
270.696446

==========================================================================
global route report_power
--------------------------------------------------------------------------
Group                  Internal  Switching    Leakage      Total
                          Power      Power      Power      Power (Watts)
----------------------------------------------------------------
Sequential             8.68e-05   1.52e-05   6.55e-06   1.09e-04  11.6%
Combinational          3.92e-04   3.50e-04   4.74e-05   7.89e-04  84.6%
Clock                  1.32e-05   2.16e-05   5.59e-07   3.53e-05   3.8%
Macro                  0.00e+00   0.00e+00   0.00e+00   0.00e+00   0.0%
Pad                    0.00e+00   0.00e+00   0.00e+00   0.00e+00   0.0%
----------------------------------------------------------------
Total                  4.92e-04   3.87e-04   5.45e-05   9.33e-04 100.0%
                          52.7%      41.4%       5.8%
