
==========================================================================
finish report_tns
--------------------------------------------------------------------------
tns max 0.00

==========================================================================
finish report_wns
--------------------------------------------------------------------------
wns max 0.00

==========================================================================
finish report_worst_slack
--------------------------------------------------------------------------
worst slack max 5.84

==========================================================================
finish report_clock_min_period
--------------------------------------------------------------------------
clk period_min = 4.16 fmax = 240.65

==========================================================================
finish report_clock_skew
--------------------------------------------------------------------------
Clock clk
   0.09 source latency product2_q[1]$_SDFFE_PN0P_/CK ^
  -0.08 target latency result_q[6]$_SDFFE_PN0P_/CK ^
   0.00 CRPR
--------------
   0.00 setup skew


==========================================================================
finish report_checks -path_delay min
--------------------------------------------------------------------------
Startpoint: result_q[7]$_SDFFE_PN0P_
            (rising edge-triggered flip-flop clocked by clk)
Endpoint: result_q[7]$_SDFFE_PN0P_
          (rising edge-triggered flip-flop clocked by clk)
Path Group: clk
Path Type: min

Fanout     Cap    Slew   Delay    Time   Description
-----------------------------------------------------------------------------
                          0.00    0.00   clock clk (rise edge)
                          0.00    0.00   clock source latency
     1    5.29    0.00    0.00    0.00 ^ clk (in)
                                         clk (net)
                  0.00    0.00    0.00 ^ clkbuf_0_clk/A (CLKBUF_X3)
     8   20.06    0.02    0.04    0.04 ^ clkbuf_0_clk/Z (CLKBUF_X3)
                                         clknet_0_clk (net)
                  0.02    0.00    0.04 ^ clkbuf_3_7__f_clk/A (CLKBUF_X3)
    14   18.70    0.02    0.05    0.09 ^ clkbuf_3_7__f_clk/Z (CLKBUF_X3)
                                         clknet_3_7__leaf_clk (net)
                  0.02    0.00    0.09 ^ result_q[7]$_SDFFE_PN0P_/CK (DFF_X1)
     2    2.66    0.01    0.09    0.18 v result_q[7]$_SDFFE_PN0P_/Q (DFF_X1)
                                         net84 (net)
                  0.01    0.00    0.18 v _2670_/A1 (NAND2_X1)
     1    1.72    0.01    0.01    0.19 ^ _2670_/ZN (NAND2_X1)
                                         _0963_ (net)
                  0.01    0.00    0.19 ^ _2675_/B1 (AOI21_X1)
     1    1.18    0.01    0.01    0.20 v _2675_/ZN (AOI21_X1)
                                         _0497_ (net)
                  0.01    0.00    0.20 v result_q[7]$_SDFFE_PN0P_/D (DFF_X1)
                                  0.20   data arrival time

                          0.00    0.00   clock clk (rise edge)
                          0.00    0.00   clock source latency
     1    5.29    0.00    0.00    0.00 ^ clk (in)
                                         clk (net)
                  0.00    0.00    0.00 ^ clkbuf_0_clk/A (CLKBUF_X3)
     8   20.06    0.02    0.04    0.04 ^ clkbuf_0_clk/Z (CLKBUF_X3)
                                         clknet_0_clk (net)
                  0.02    0.00    0.04 ^ clkbuf_3_7__f_clk/A (CLKBUF_X3)
    14   18.70    0.02    0.05    0.09 ^ clkbuf_3_7__f_clk/Z (CLKBUF_X3)
                                         clknet_3_7__leaf_clk (net)
                  0.02    0.00    0.09 ^ result_q[7]$_SDFFE_PN0P_/CK (DFF_X1)
                          0.00    0.09   clock reconvergence pessimism
                          0.01    0.09   library hold time
                                  0.09   data required time
-----------------------------------------------------------------------------
                                  0.09   data required time
                                 -0.20   data arrival time
-----------------------------------------------------------------------------
                                  0.11   slack (MET)



==========================================================================
finish report_checks -path_delay max
--------------------------------------------------------------------------
Startpoint: out_ready (input port clocked by clk)
Endpoint: in_ready (output port clocked by clk)
Path Group: clk
Path Type: max

Fanout     Cap    Slew   Delay    Time   Description
-----------------------------------------------------------------------------
                          0.00    0.00   clock clk (rise edge)
                          0.00    0.00   clock network delay (propagated)
                          2.00    2.00 v input external delay
     1    1.51    0.00    0.00    2.00 v out_ready (in)
                                         out_ready (net)
                  0.00    0.00    2.00 v input66/A (BUF_X1)
     1    3.65    0.01    0.03    2.03 v input66/Z (BUF_X1)
                                         net66 (net)
                  0.01    0.00    2.03 v _1818_/A2 (OR2_X2)
     4    5.57    0.01    0.05    2.08 v _1818_/ZN (OR2_X2)
                                         _1062_ (net)
                  0.01    0.00    2.08 v _1819_/A2 (OR2_X2)
     4    9.50    0.01    0.05    2.13 v _1819_/ZN (OR2_X2)
                                         net68 (net)
                  0.01    0.00    2.13 v output68/A (BUF_X1)
     1    0.24    0.00    0.03    2.16 v output68/Z (BUF_X1)
                                         in_ready (net)
                  0.00    0.00    2.16 v in_ready (out)
                                  2.16   data arrival time

                         10.00   10.00   clock clk (rise edge)
                          0.00   10.00   clock network delay (propagated)
                          0.00   10.00   clock reconvergence pessimism
                         -2.00    8.00   output external delay
                                  8.00   data required time
-----------------------------------------------------------------------------
                                  8.00   data required time
                                 -2.16   data arrival time
-----------------------------------------------------------------------------
                                  5.84   slack (MET)



==========================================================================
finish report_checks -unconstrained
--------------------------------------------------------------------------
Startpoint: out_ready (input port clocked by clk)
Endpoint: in_ready (output port clocked by clk)
Path Group: clk
Path Type: max

Fanout     Cap    Slew   Delay    Time   Description
-----------------------------------------------------------------------------
                          0.00    0.00   clock clk (rise edge)
                          0.00    0.00   clock network delay (propagated)
                          2.00    2.00 v input external delay
     1    1.51    0.00    0.00    2.00 v out_ready (in)
                                         out_ready (net)
                  0.00    0.00    2.00 v input66/A (BUF_X1)
     1    3.65    0.01    0.03    2.03 v input66/Z (BUF_X1)
                                         net66 (net)
                  0.01    0.00    2.03 v _1818_/A2 (OR2_X2)
     4    5.57    0.01    0.05    2.08 v _1818_/ZN (OR2_X2)
                                         _1062_ (net)
                  0.01    0.00    2.08 v _1819_/A2 (OR2_X2)
     4    9.50    0.01    0.05    2.13 v _1819_/ZN (OR2_X2)
                                         net68 (net)
                  0.01    0.00    2.13 v output68/A (BUF_X1)
     1    0.24    0.00    0.03    2.16 v output68/Z (BUF_X1)
                                         in_ready (net)
                  0.00    0.00    2.16 v in_ready (out)
                                  2.16   data arrival time

                         10.00   10.00   clock clk (rise edge)
                          0.00   10.00   clock network delay (propagated)
                          0.00   10.00   clock reconvergence pessimism
                         -2.00    8.00   output external delay
                                  8.00   data required time
-----------------------------------------------------------------------------
                                  8.00   data required time
                                 -2.16   data arrival time
-----------------------------------------------------------------------------
                                  5.84   slack (MET)



==========================================================================
finish report_check_types -max_slew -max_cap -max_fanout -violators
--------------------------------------------------------------------------

==========================================================================
finish max_slew_check_slack
--------------------------------------------------------------------------
0.0932418704032898

==========================================================================
finish max_slew_check_limit
--------------------------------------------------------------------------
0.1985349953174591

==========================================================================
finish max_slew_check_slack_limit
--------------------------------------------------------------------------
0.4696

==========================================================================
finish max_fanout_check_slack
--------------------------------------------------------------------------
1.0000000150474662e+30

==========================================================================
finish max_fanout_check_limit
--------------------------------------------------------------------------
1.0000000150474662e+30

==========================================================================
finish max_capacitance_check_slack
--------------------------------------------------------------------------
4.881327152252197

==========================================================================
finish max_capacitance_check_limit
--------------------------------------------------------------------------
25.253299713134766

==========================================================================
finish max_capacitance_check_slack_limit
--------------------------------------------------------------------------
0.1933

==========================================================================
finish max_slew_violation_count
--------------------------------------------------------------------------
max slew violation count 0

==========================================================================
finish max_fanout_violation_count
--------------------------------------------------------------------------
max fanout violation count 0

==========================================================================
finish max_cap_violation_count
--------------------------------------------------------------------------
max cap violation count 0

==========================================================================
finish setup_violation_count
--------------------------------------------------------------------------
setup violation count 0

==========================================================================
finish hold_violation_count
--------------------------------------------------------------------------
hold violation count 0

==========================================================================
finish report_checks -path_delay max reg to reg
--------------------------------------------------------------------------
Startpoint: product1_q[10]$_SDFFE_PN0P_
            (rising edge-triggered flip-flop clocked by clk)
Endpoint: result_q[15]$_SDFFE_PN0P_
          (rising edge-triggered flip-flop clocked by clk)
Path Group: clk
Path Type: max

  Delay    Time   Description
---------------------------------------------------------
   0.00    0.00   clock clk (rise edge)
   0.00    0.00   clock source latency
   0.00    0.00 ^ clk (in)
   0.04    0.04 ^ clkbuf_0_clk/Z (CLKBUF_X3)
   0.05    0.09 ^ clkbuf_3_1__f_clk/Z (CLKBUF_X3)
   0.00    0.09 ^ product1_q[10]$_SDFFE_PN0P_/CK (DFF_X1)
   0.10    0.19 ^ product1_q[10]$_SDFFE_PN0P_/Q (DFF_X1)
   0.10    0.29 v _2984_/S (FA_X1)
   0.13    0.41 ^ _2967_/S (FA_X1)
   0.11    0.53 ^ _3167_/S (HA_X1)
   0.04    0.56 v _2607_/ZN (NAND3_X1)
   0.11    0.67 ^ _2618_/ZN (NOR4_X1)
   0.06    0.73 v _2619_/ZN (AOI211_X4)
   0.05    0.77 ^ _2620_/ZN (NOR3_X1)
   0.01    0.79 v _2621_/ZN (NOR2_X1)
   0.03    0.82 ^ _2623_/ZN (AOI21_X1)
   0.00    0.82 ^ result_q[15]$_SDFFE_PN0P_/D (DFF_X1)
           0.82   data arrival time

  10.00   10.00   clock clk (rise edge)
   0.00   10.00   clock source latency
   0.00   10.00 ^ clk (in)
   0.04   10.04 ^ clkbuf_0_clk/Z (CLKBUF_X3)
   0.05   10.09 ^ clkbuf_3_3__f_clk/Z (CLKBUF_X3)
   0.00   10.09 ^ result_q[15]$_SDFFE_PN0P_/CK (DFF_X1)
   0.00   10.09   clock reconvergence pessimism
  -0.03   10.06   library setup time
          10.06   data required time
---------------------------------------------------------
          10.06   data required time
          -0.82   data arrival time
---------------------------------------------------------
           9.24   slack (MET)



==========================================================================
finish report_checks -path_delay min reg to reg
--------------------------------------------------------------------------
Startpoint: result_q[7]$_SDFFE_PN0P_
            (rising edge-triggered flip-flop clocked by clk)
Endpoint: result_q[7]$_SDFFE_PN0P_
          (rising edge-triggered flip-flop clocked by clk)
Path Group: clk
Path Type: min

  Delay    Time   Description
---------------------------------------------------------
   0.00    0.00   clock clk (rise edge)
   0.00    0.00   clock source latency
   0.00    0.00 ^ clk (in)
   0.04    0.04 ^ clkbuf_0_clk/Z (CLKBUF_X3)
   0.05    0.09 ^ clkbuf_3_7__f_clk/Z (CLKBUF_X3)
   0.00    0.09 ^ result_q[7]$_SDFFE_PN0P_/CK (DFF_X1)
   0.09    0.18 v result_q[7]$_SDFFE_PN0P_/Q (DFF_X1)
   0.01    0.19 ^ _2670_/ZN (NAND2_X1)
   0.01    0.20 v _2675_/ZN (AOI21_X1)
   0.00    0.20 v result_q[7]$_SDFFE_PN0P_/D (DFF_X1)
           0.20   data arrival time

   0.00    0.00   clock clk (rise edge)
   0.00    0.00   clock source latency
   0.00    0.00 ^ clk (in)
   0.04    0.04 ^ clkbuf_0_clk/Z (CLKBUF_X3)
   0.05    0.09 ^ clkbuf_3_7__f_clk/Z (CLKBUF_X3)
   0.00    0.09 ^ result_q[7]$_SDFFE_PN0P_/CK (DFF_X1)
   0.00    0.09   clock reconvergence pessimism
   0.01    0.09   library hold time
           0.09   data required time
---------------------------------------------------------
           0.09   data required time
          -0.20   data arrival time
---------------------------------------------------------
           0.11   slack (MET)



==========================================================================
finish critical path target clock latency max path
--------------------------------------------------------------------------
0.0881

==========================================================================
finish critical path target clock latency min path
--------------------------------------------------------------------------
0.0884

==========================================================================
finish critical path source clock latency min path
--------------------------------------------------------------------------
0.0000

==========================================================================
finish critical path delay
--------------------------------------------------------------------------
2.1555

==========================================================================
finish critical path slack
--------------------------------------------------------------------------
5.8445

==========================================================================
finish slack div critical path delay
--------------------------------------------------------------------------
271.143586

==========================================================================
finish report_power
--------------------------------------------------------------------------
Group                  Internal  Switching    Leakage      Total
                          Power      Power      Power      Power (Watts)
----------------------------------------------------------------
Sequential             8.67e-05   1.42e-05   6.55e-06   1.08e-04  11.9%
Combinational          3.91e-04   3.21e-04   4.74e-05   7.59e-04  84.3%
Clock                  1.31e-05   1.99e-05   5.59e-07   3.36e-05   3.7%
Macro                  0.00e+00   0.00e+00   0.00e+00   0.00e+00   0.0%
Pad                    0.00e+00   0.00e+00   0.00e+00   0.00e+00   0.0%
----------------------------------------------------------------
Total                  4.91e-04   3.55e-04   5.45e-05   9.00e-04 100.0%
                          54.5%      39.4%       6.1%
